// Jest Snapshot v1, https://goo.gl/fbAQLP

exports[`should render snapshot of navbar 1`] = `
<div
  id="sidebar"
>
  <div
    id="uul"
  >
    <Link
      className="doFlex"
      id="llnk"
      to="/dashboard"
    >
      <ImHome
        id="llii"
      />
      <div
        id="lli"
      >
        DASHBOARD
      </div>
    </Link>
  </div>
</div>
`;
